
Memory Configuration

Name             Origin             Length             Attributes
ram              0x00000000         0x001fffff
ram_rs           0x00000000         0x001fffff
*default*        0x00000000         0xffffffff

Linker script and memory map


.text           0x00000000     0x67d6
                0x00000000                _stext = .
 *(.text)
 .text          0x00000000     0x67d6 ldr.o
                0x00000000                start
                0x00000004                m001
                0x0000000e                m002
                0x0000002e                mainend
                0x0000004c                mtools
                0x00000078                lp00
                0x0000007e                lp01
                0x000000a2                lp02
                0x000000b4                lp03
                0x000000ce                lp04
                0x000000ea                lp05
                0x000000f6                Exit
                0x000000fc                ClrVars
                0x00000106                cb01
                0x0000010e                SetLW
                0x0000012a                GetDrive
                0x00000232                GDerr2
                0x00000236                GDerr
                0x00000238                GDex
                0x0000023e                Ident
                0x0000025a                idlp01
                0x00000268                idlp02
                0x0000027a                idlp10
                0x00000288                idlp20
                0x0000028a                idex
                0x00000290                ReadSec
                0x000002ba                RdSlp01
                0x000002ca                RdSerr
                0x000002d6                RdSerr1
                0x000002da                RdSlp20
                0x000002e2                RdSex
                0x000002e8                WriteSec
                0x00000312                WrSlp01
                0x00000322                WrSerr
                0x0000032e                WrSerr1
                0x00000332                WrSlp20
                0x0000033a                WrSex
                0x00000340                LBHLW
                0x00000344                LowBHigh
                0x00000348                FSChk
                0x00000372                FSC01
                0x00000380                FSC02
                0x0000038e                FSC03
                0x0000039c                FSC10
                0x000003aa                ALW
                0x000003c8                ALW01
                0x000003d2                ALW10
                0x000003dc                ALW11
                0x000003e2                LoadLW
                0x0000041c                LLW00
                0x0000042c                LLW01
                0x0000043c                LLW02
                0x00000450                LLW20
                0x0000046a                LLWOK
                0x0000046e                LLWErr
                0x00000470                LLWExit
                0x00000476                LoadBPB
                0x0000058e                LBPB01
                0x0000059c                LBPB02
                0x00000640                LdBPBerr
                0x00000642                LdBPBex
                0x00000648                UpFATBu
                0x0000065a                UFB01
                0x0000067a                UFB02
                0x0000069c                UFBerr
                0x0000069e                UFBex
                0x000006a4                FFAT
                0x000006c8                FFATerr
                0x000006ca                FFATex
                0x000006d0                GNCN
                0x00000716                GNCNerr1
                0x00000722                GNCNerr
                0x00000724                GNCNex
                0x0000072a                GFSOC
                0x0000074c                AllClus
                0x0000076c                AClp01
                0x0000077e                ACerr
                0x00000780                ACex
                0x00000786                FFC
                0x0000078e                FFClp01
                0x000007ae                FFClp03
                0x000007b4                FFClp02
                0x000007b6                FFClp04
                0x000007d0                FFClp05
                0x000007d6                FFCerr1
                0x000007e2                FFCerr
                0x000007e4                FFCex
                0x000007ea                WCN
                0x00000806                WCN01
                0x0000083e                WCNerr
                0x00000840                WCNex
                0x00000846                FFFD
                0x00000854                FFFD01
                0x0000087a                FFFD10
                0x000008d4                FFFDExit
                0x000008da                FindName
                0x000008fe                FN01
                0x0000090c                FNerr
                0x00000912                FNex
                0x00000918                fload
                0x0000093c                fld01
                0x00000954                fld02
                0x00000964                fld03
                0x00000984                fld04
                0x000009a8                fld10
                0x000009ac                flderr
                0x000009ae                fldex
                0x000009b4                fsave
                0x000009d8                fsv01
                0x00000a00                fsv02
                0x00000a16                fsv03
                0x00000a48                fsv10
                0x00000a5a                fsv20
                0x00000a66                fsverr
                0x00000a68                fsvex
                0x00000a6e                remove
                0x00000aac                rmv01
                0x00000aec                rmv02
                0x00000b0a                rmv03
                0x00000b34                rmv04
                0x00000b60                rmv05
                0x00000b7c                rmv06
                0x00000b80                rmverr1
                0x00000b84                rmverr
                0x00000b86                rmvex
                0x00000b8e                rmvex1
                0x00000b94                rem
                0x00000bbc                rem02
                0x00000bc4                rem03
                0x00000bea                rem04
                0x00000bf2                rem05
                0x00000bf6                remerr
                0x00000bf8                remex
                0x00000bfe                QForm
                0x00000c0e                QF01
                0x00000c28                QF02
                0x00000c44                QF03
                0x00000c5e                QF04
                0x00000c84                QF05
                0x00000ce6                QFerr
                0x00000ce8                QFex
                0x00000cee                ScRD
                0x00000d0c                ScRD01
                0x00000d1e                ScRDerr
                0x00000d20                ScRDex
                0x00000d26                ScSD
                0x00000d34                ScSD01
                0x00000d52                ScSD02
                0x00000d78                ScSDerr
                0x00000d7a                ScSDex
                0x00000d80                ScODS
                0x00000da0                ScODS01
                0x00000dba                ScODS10
                0x00000df6                ScODS21
                0x00000e16                ScODS20
                0x00000e56                ScODS30
                0x00000eb8                ScODS90
                0x00000ed2                ScODSerr
                0x00000ed8                ScODSex
                0x00000ee0                FileDsct
                0x00000ef6                FNE
                0x00000f08                FNE01
                0x00000f1c                FNE02
                0x00000f2a                FNEerr
                0x00000f2c                FNEex
                0x00000f32                MFN
                0x00000f56                MFN01
                0x00000f7a                MFN03
                0x00000f7e                MFN04
                0x00000f8a                MFN11
                0x00000f8a                MFN10
                0x00000f96                MFN12
                0x00000fa2                MFNex
                0x00000fa8                FFD
                0x00000fd6                FFD01
                0x00001000                FFD03
                0x00001004                FFD04
                0x00001010                FFD11
                0x00001010                FFD10
                0x00001024                FFD12
                0x00001030                FFD13
                0x00001094                FFDerr
                0x00001096                FFDex
                0x0000109c                chdir
                0x000010d4                cd01
                0x0000110c                cd02
                0x0000111c                cd03
                0x0000111e                cdok
                0x00001138                cd04
                0x0000113c                cd05
                0x00001156                cderr1
                0x00001162                cderr
                0x0000116e                cdex
                0x00001174                UFE
                0x000012b2                UFEerr
                0x000012b4                UFEex
                0x000012ba                mkdir
                0x000012ea                mkdir00
                0x00001330                mkdir03
                0x0000134e                mkdir01
                0x00001360                mkdir02
                0x000013e6                mkdirer1
                0x000013ea                mkdirerr
                0x000013ec                mkdirex
                0x000013f4                mkdirex1
                0x000013fa                SRD
                0x00001412                SRD01
                0x00001420                SRDerr
                0x00001422                SRDex
                0x00001428                SSD
                0x00001430                SSD01
                0x0000144e                SSD02
                0x00001470                SSDerr
                0x00001472                SSDex
                0x00001478                SODS
                0x00001496                SODS01
                0x000014b4                SODS02
                0x000014ca                SODSerr
                0x000014cc                SODSex
                0x000014d2                MNFE
                0x000014f6                MNFE01
                0x000014fc                MNFE02
                0x0000151a                MNFE02a
                0x0000151c                MNFE03
                0x00001554                MNFE04
                0x0000156e                MNFE05
                0x00001598                MNFE10
                0x000015ca                MNFEerr
                0x000015cc                MNFEex
                0x000015d2                FindFrst
                0x0000161c                FF01
                0x00001630                FF02
                0x00001646                FFerr
                0x00001648                FFex
                0x0000164e                FindNext
                0x00001662                FNX01
                0x0000167a                FNX02
                0x000016aa                FNX03
                0x000016ee                FNX10
                0x0000170e                FNX11
                0x00001746                FNX14
                0x00001754                FNX15
                0x0000179a                FNXnf
                0x000017aa                FNXerr
                0x000017b8                FNXex
                0x000017be                dircmp
                0x000017e0                dircmp01
                0x000017f4                dircmp02
                0x000017f8                dircmp03
                0x000017fe                dircmp05
                0x0000180a                dircmp10
                0x00001828                dircmp11
                0x0000183c                dircmp12
                0x00001840                dircmp13
                0x00001846                dircmp15
                0x00001850                dircmp20
                0x00001854                dircmp30
                0x00001856                dircmpex
                0x0000185c                csts
                0x00001868                key
                0x0000186c                key01
                0x00001882                ci
                0x00001892                cls
                0x000018a2                co2
                0x000018b2                idetest
                0x000018c2                idedisk
                0x000018d2                sdtest
                0x000018e2                sddisk
                0x000018f2                writetxt
                0x000018f6                wrtxt01
                0x00001902                wrtxtex
                0x00001908                tron
                0x00001916                troff
                0x00001920                trout
                0x00001930                troex
                0x00001932                regout
                0x00001a2c                printl
                0x00001a48                print8d
                0x00001a6c                prt8d01
                0x00001a86                prt8d02
                0x00001a9c                print4d
                0x00001ac6                print2d
                0x00001aec                prt2d02
                0x00001afa                print2d0
                0x00001b20                prt2d002
                0x00001b2e                wert
                0x00001b44                werterr
                0x00001b4e                getuhr
                0x00001b5e                delay500
                0x00001b72                strgcopy
                0x00001b78                sc00
                0x00001b84                strgcmp
                0x00001b8a                scmp01
                0x00001b96                scmperr
                0x00001b98                scmpex
                0x00001b9e                toupper
                0x00001bae                tupex
                0x00001bb0                bcdtobin
                0x00001bca                JNA
                0x00001bf0                JNA00
                0x00001c04                JNA01
                0x00001c14                JNAex
                0x00001c1a                JNAex1
                0x00001c20                JN
                0x00001c44                JN01
                0x00001c58                JNex
                0x00001c5e                JNex1
                0x00001c62                NameOut
                0x00001c7a                NO01
                0x00001c88                NO02
                0x00001c96                NO03
                0x00001ca4                NO04
                0x00001cb8                trap10
                0x00001ce6                trap10ex
                0x00001cec                jclrfcb
                0x00001cf6                jcf01
                0x00001d02                jfinfo
                0x00001d16                jfillfcb
                0x00001d2a                jfload
                0x00001d58                jfld01
                0x00001d6c                jfld02
                0x00001d7a                jfldex
                0x00001d80                jfsave
                0x00001dba                jfsv01
                0x00001dd0                jfsv02
                0x00001dde                jfsvex
                0x00001de4                jmotoff
                0x00001df4                jusradr
                0x00001e04                jconvlw
                0x00001e1c                jclw01
                0x00001e2e                jclwerr
                0x00001e3c                jclwex
                0x00001e3e                JMDL
                0x00001e64                JMDL01
                0x00001e76                JMDL02
                0x00001e84                JMDL03
                0x00001e96                JMDL04
                0x00001eb8                JMDL05
                0x00001ecc                JMDL06
                0x00001ed0                JMDLerr
                0x00001ede                JMDLex
                0x00001ee4                JMFN
                0x00001f00                JMFN01
                0x00001f24                JMFN03
                0x00001f28                JMFN04
                0x00001f36                JMFN10
                0x00001f3e                JMFN12
                0x00001f44                JMFNex
                0x00001f4a                jtom
                0x00001f76                jtom01
                0x00001ffc                jtom01a
                0x00002042                jtom02
                0x00002066                jtomerr3
                0x00002072                jtomerr2
                0x0000207e                jtomerr1
                0x00002086                jtomerr
                0x00002088                jtomex
                0x0000208e                mtoj
                0x000020b2                mtoj01
                0x000020f0                mtoj02
                0x000020fe                parser
                0x00002118                pars02
                0x0000212e                pars02a
                0x00002164                pars02b
                0x00002168                pars03
                0x00002176                pars04
                0x000021a0                pars04a
                0x000021fe                pars04b
                0x00002250                pars04c
                0x000022a4                pars04ex
                0x000022ac                pars06
                0x000022ac                pars05
                0x000022ce                pars06z
                0x000022d6                pars06a
                0x000022f8                pars06b
                0x000022fe                pars07
                0x0000230e                pars07a
                0x00002326                pars07ex
                0x00002334                pars08
                0x00002358                pars08a
                0x00002364                pars08ex
                0x00002372                pars10
                0x0000239c                pars10a
                0x000023d6                pars10b
                0x00002416                pars10c
                0x0000245c                pars10ex
                0x00002464                pars11
                0x00002464                pars12
                0x0000247c                pars12a
                0x0000249a                pars12b
                0x000024a0                pars13
                0x000024b0                pars13a
                0x000024c0                pars14
                0x000024e2                pars14a
                0x000024ee                parsex
                0x000024fe                parserr
                0x0000250c                parsclr
                0x00002518                parsclr1
                0x00002524                mdiska
                0x0000253c                mda00a
                0x00002578                mda00
                0x00002586                mda01
                0x0000258c                mda02
                0x000025a4                mdaerr
                0x000025ac                mdaex
                0x000025b2                mdiskb
                0x000025c8                komma
                0x000025da                komma02
                0x000025e2                komma01
                0x000025e4                hdpars
                0x000025f4                hdp02
                0x000025fa                hdp03
                0x00002604                hdp04
                0x00002610                hdp05
                0x00002620                hdperr
                0x00002622                hdpex
                0x00002624                mdira
                0x00002682                mdira00
                0x00002684                mdira00a
                0x00002686                mdira01
                0x000026ba                mdira05
                0x000026bc                mdira06
                0x000026d0                mdira10
                0x000026d8                mdiraer
                0x000026de                mdiraex
                0x000026e4                mdirausg
                0x000026ee                mdaus02
                0x00002704                mdaus03
                0x00002734                mdaus04
                0x0000274a                mdaus04a
                0x0000275c                mdaus04b
                0x0000276e                mdaus04c
                0x00002780                mdaus04d
                0x0000278c                mdaus05
                0x000027a8                mdaus06
                0x00002848                mdausex
                0x0000284e                dirkopf
                0x0000289a                dirfuss
                0x000028fa                nextside
                0x00002916                nxtsd01
                0x00002950                nxtsdex
                0x00002956                mcda
                0x00002972                mcda01
                0x0000298e                mcdaerr
                0x00002996                mcdaex
                0x000029c4                mcdaex1
                0x000029ca                mmda
                0x000029e6                mmda02
                0x00002a08                mmda03
                0x00002a10                mmdaerr
                0x00002a14                mmdaex
                0x00002a1a                mloada
                0x00002a3a                mlda00a
                0x00002a5a                mlda01
                0x00002a68                mlda01a
                0x00002a92                mlda02
                0x00002aca                mlda10
                0x00002ace                mldaerr
                0x00002ad6                mldaerr1
                0x00002ade                mldaex
                0x00002af0                mldaex1
                0x00002af6                mcopya
                0x00002b18                mcpa01
                0x00002b3a                mcpa01a
                0x00002b64                mcpa02
                0x00002bc8                mcpa03
                0x00002bee                mcpa03a
                0x00002c2e                mcpa04
                0x00002c36                mcpa05
                0x00002c4c                mcpa10
                0x00002c70                mcpa11
                0x00002cac                mcpa12
                0x00002d54                mcpa13
                0x00002d72                mcpa13a
                0x00002d9c                mcpa14
                0x00002db6                mcpaerr
                0x00002dbc                mcpaex
                0x00002dd0                mcpaex1
                0x00002dd6                mdela
                0x00002df2                mdela02
                0x00002dfa                mdelaer
                0x00002dfe                mdelaex
                0x00002e04                mforma
                0x00002e70                mfrma01
                0x00002eb2                mfrmaer
                0x00002eb4                mfrmaex
                0x00002eba                hilfe
                0x00002ed6                error
                0x00002f00                err01
                0x00002f0e                errex
                0x00002f14                option
                0x00002f58                opt00
                0x00002f7e                opt01
                0x00002f90                opt02
                0x00002fa2                opt03
                0x00002fb4                opt04
                0x00002fc6                opt05
                0x00002fca                opterr
                0x00002fdc                optex
                0x00002fe2                NKCtoIBM
                0x00003012                NtI01
                0x00003014                NtI02
                0x00003018                NtI03
                0x0000301e                NtI04
                0x00003024                NtI05
                0x00003026                NtI05a
                0x00003036                NtI05b
                0x0000303c                NtI05c
                0x00003040                NtI10
                0x00003044                NtI20
                0x00003050                NtIerr
                0x0000305e                NtIex
                0x00003064                IBMtoNKC
                0x0000308a                ItN01
                0x00003098                ItN02
                0x0000309c                ItN03
                0x000030ac                ItN03a
                0x000030b4                ItN04
                0x000030d2                ItN04b
                0x000030e0                ItN04c
                0x000030e4                ItN04a
                0x000030e6                ItN05
                0x000030e8                ItN05a
                0x000030f8                ItN05b
                0x000030fe                ItN05c
                0x00003102                ItN10
                0x00003106                ItN20
                0x0000312e                ItN201
                0x00003134                ItN20a
                0x00003140                ItNerr
                0x0000314e                ItNex
                0x00003154                umbruch
                0x00003174                TABtoSP
                0x00003186                TtS01
                0x00003196                TtS02
                0x000031a6                mover
                0x000031ac                mvrlp01
                0x000031bc                txtinit
                0x000031dd                txtcrlf
                0x000031e0                txtnv
                0x000031f9                txtcyl
                0x00003204                txtsec
                0x0000320f                txthd
                0x00003217                txtpart
                0x00003224                txtnr
                0x00003227                txtstart
                0x0000322e                txt1start
                0x00003235                txtgroess
                0x0000323c                txt1groess
                0x00003245                txtMB
                0x0000324f                txt1MB
                0x00003253                txttyp
                0x00003261                txtkomma
                0x00003263                txtstern
                0x00003266                txtaktlw
                0x0000327b                txtweit
                0x0000329d                txtforts
                0x000032ae                txtlw
                0x000032b8                txtverz
                0x000032c5                txterst
                0x000032ce                txtdirat
                0x000032d5                txtdatei
                0x000032e0                txtdir
                0x000032f1                txtbyte
                0x000032f7                txt15spc
                0x00003307                txtroot
                0x00003309                txtjn
                0x00003315                txtjna
                0x00003326                txtueber
                0x00003335                txtcopy
                0x0000333d                txtdel
                0x00003346                txtloe
                0x0000334f                txtload
                0x0000335f                txtakt
                0x0000336f                txtform
                0x0000337d                txtform1
                0x0000338e                terr1
                0x000033a6                terr2
                0x000033c6                terr3
                0x000033db                terr4
                0x000033f3                terr5
                0x00003414                terr6
                0x00003439                terr7
                0x00003447                terr8
                0x0000345b                terr9
                0x00003474                terr10
                0x00003493                terr11
                0x000034af                terr12
                0x000034c4                terr13
                0x000034e0                terr14
                0x000034f7                terr15
                0x00003510                terr16
                0x00003526                terr17
                0x00003535                terr18
                0x0000354e                terr19
                0x00003564                terr20
                0x00003584                terr21
                0x0000359c                terr22
                0x000035b7                terr23
                0x000035d4                terr24
                0x000035ef                terr25
                0x00003608                terr26
                0x00003621                terr27
                0x00003636                terr28
                0x0000365c                terr29
                0x00003698                OStype
                0x00004488                fd0
                0x00004488                hdtab
                0x0000448e                fd1
                0x00004494                hda1
                0x0000449a                hda2
                0x000044a0                hda3
                0x000044a6                hda4
                0x000044ac                hdb1
                0x000044b2                hdb2
                0x000044b8                hdb3
                0x000044be                hdb4
                0x000044c4                sda1
                0x000044ca                sda2
                0x000044d0                sda3
                0x000044d6                sda4
                0x000044dc                sdb1
                0x000044e2                sdb2
                0x000044e8                sdb3
                0x000044ee                sdb4
                0x000044f4                res1
                0x000044fa                res2
                0x00004500                res3
                0x00004506                res4
                0x0000450c                res5
                0x00004512                res6
                0x00004518                res7
                0x0000451e                res8
                0x00004524                res9
                0x0000452a                res10
                0x00004530                res11
                0x00004536                res12
                0x0000453c                res13
                0x00004542                res14
                0x00004548                hmdisk
                0x000045c8                hmdir
                0x000046f0                hmcd
                0x00004804                hmcopy
                0x00004900                hmload
                0x000049ec                hmmd
                0x00004a54                hmdel
                0x00004ad0                hmform
                0x00004b14                traptab
                0x00004b38                hilfetab
                0x00004b38                trapend
                0x00004b5c                opttab
                0x00004b5c                htabend
                0x00004b80                errtab
                0x00004b80                otabend
                0x00004bf8                errend
                0x00004bf8                nkctab
                0x00004c00                ibmtab
                0x00004c08                allgm
                0x00004c08                VarStart
                0x00004c48                parsdat
                0x00004c88                hddat
                0x00005088                fatbuff
                0x00005288                dirbuff
                0x00005488                buffer
                0x00005688                jfcb
                0x000056b8                jdirbuf
                0x000066b8                filebuff
                0x000067b8                meldung
                0x000067b8                VarEnd
                0x000067cb                fname
                0x000067d6                ende
                0x000067d6                _etext = ALIGN (0x2)

.data           0x000067d8        0x0
                0x000067d8                _sdata = .
 *(.data)
 .data          0x000067d8        0x0 ldr.o
                0x000067d8                _edata = ALIGN (0x2)

.bss            0x000067d8        0x0
                0x000067d8                _sbss = .
 *(.bss)
 .bss           0x000067d8        0x0 ldr.o
 *(COMMON)
                0x000067d8                _ebss = ALIGN (0x2)
LOAD ldr.o
OUTPUT(ldr.elf elf32-m68k)

Cross Reference Table

Symbol                                            File
ACerr                                             ldr.o
ACex                                              ldr.o
AClp01                                            ldr.o
ALW                                               ldr.o
ALW01                                             ldr.o
ALW10                                             ldr.o
ALW11                                             ldr.o
AllClus                                           ldr.o
ClrVars                                           ldr.o
Exit                                              ldr.o
FF01                                              ldr.o
FF02                                              ldr.o
FFAT                                              ldr.o
FFATerr                                           ldr.o
FFATex                                            ldr.o
FFC                                               ldr.o
FFCerr                                            ldr.o
FFCerr1                                           ldr.o
FFCex                                             ldr.o
FFClp01                                           ldr.o
FFClp02                                           ldr.o
FFClp03                                           ldr.o
FFClp04                                           ldr.o
FFClp05                                           ldr.o
FFD                                               ldr.o
FFD01                                             ldr.o
FFD03                                             ldr.o
FFD04                                             ldr.o
FFD10                                             ldr.o
FFD11                                             ldr.o
FFD12                                             ldr.o
FFD13                                             ldr.o
FFDerr                                            ldr.o
FFDex                                             ldr.o
FFFD                                              ldr.o
FFFD01                                            ldr.o
FFFD10                                            ldr.o
FFFDExit                                          ldr.o
FFerr                                             ldr.o
FFex                                              ldr.o
FN01                                              ldr.o
FNE                                               ldr.o
FNE01                                             ldr.o
FNE02                                             ldr.o
FNEerr                                            ldr.o
FNEex                                             ldr.o
FNX01                                             ldr.o
FNX02                                             ldr.o
FNX03                                             ldr.o
FNX10                                             ldr.o
FNX11                                             ldr.o
FNX14                                             ldr.o
FNX15                                             ldr.o
FNXerr                                            ldr.o
FNXex                                             ldr.o
FNXnf                                             ldr.o
FNerr                                             ldr.o
FNex                                              ldr.o
FSC01                                             ldr.o
FSC02                                             ldr.o
FSC03                                             ldr.o
FSC10                                             ldr.o
FSChk                                             ldr.o
FileDsct                                          ldr.o
FindFrst                                          ldr.o
FindName                                          ldr.o
FindNext                                          ldr.o
GDerr                                             ldr.o
GDerr2                                            ldr.o
GDex                                              ldr.o
GFSOC                                             ldr.o
GNCN                                              ldr.o
GNCNerr                                           ldr.o
GNCNerr1                                          ldr.o
GNCNex                                            ldr.o
GetDrive                                          ldr.o
IBMtoNKC                                          ldr.o
Ident                                             ldr.o
ItN01                                             ldr.o
ItN02                                             ldr.o
ItN03                                             ldr.o
ItN03a                                            ldr.o
ItN04                                             ldr.o
ItN04a                                            ldr.o
ItN04b                                            ldr.o
ItN04c                                            ldr.o
ItN05                                             ldr.o
ItN05a                                            ldr.o
ItN05b                                            ldr.o
ItN05c                                            ldr.o
ItN10                                             ldr.o
ItN20                                             ldr.o
ItN201                                            ldr.o
ItN20a                                            ldr.o
ItNerr                                            ldr.o
ItNex                                             ldr.o
JMDL                                              ldr.o
JMDL01                                            ldr.o
JMDL02                                            ldr.o
JMDL03                                            ldr.o
JMDL04                                            ldr.o
JMDL05                                            ldr.o
JMDL06                                            ldr.o
JMDLerr                                           ldr.o
JMDLex                                            ldr.o
JMFN                                              ldr.o
JMFN01                                            ldr.o
JMFN03                                            ldr.o
JMFN04                                            ldr.o
JMFN10                                            ldr.o
JMFN12                                            ldr.o
JMFNex                                            ldr.o
JN                                                ldr.o
JN01                                              ldr.o
JNA                                               ldr.o
JNA00                                             ldr.o
JNA01                                             ldr.o
JNAex                                             ldr.o
JNAex1                                            ldr.o
JNex                                              ldr.o
JNex1                                             ldr.o
LBHLW                                             ldr.o
LBPB01                                            ldr.o
LBPB02                                            ldr.o
LLW00                                             ldr.o
LLW01                                             ldr.o
LLW02                                             ldr.o
LLW20                                             ldr.o
LLWErr                                            ldr.o
LLWExit                                           ldr.o
LLWOK                                             ldr.o
LdBPBerr                                          ldr.o
LdBPBex                                           ldr.o
LoadBPB                                           ldr.o
LoadLW                                            ldr.o
LowBHigh                                          ldr.o
MFN                                               ldr.o
MFN01                                             ldr.o
MFN03                                             ldr.o
MFN04                                             ldr.o
MFN10                                             ldr.o
MFN11                                             ldr.o
MFN12                                             ldr.o
MFNex                                             ldr.o
MNFE                                              ldr.o
MNFE01                                            ldr.o
MNFE02                                            ldr.o
MNFE02a                                           ldr.o
MNFE03                                            ldr.o
MNFE04                                            ldr.o
MNFE05                                            ldr.o
MNFE10                                            ldr.o
MNFEerr                                           ldr.o
MNFEex                                            ldr.o
NKCtoIBM                                          ldr.o
NO01                                              ldr.o
NO02                                              ldr.o
NO03                                              ldr.o
NO04                                              ldr.o
NameOut                                           ldr.o
NtI01                                             ldr.o
NtI02                                             ldr.o
NtI03                                             ldr.o
NtI04                                             ldr.o
NtI05                                             ldr.o
NtI05a                                            ldr.o
NtI05b                                            ldr.o
NtI05c                                            ldr.o
NtI10                                             ldr.o
NtI20                                             ldr.o
NtIerr                                            ldr.o
NtIex                                             ldr.o
OStype                                            ldr.o
QF01                                              ldr.o
QF02                                              ldr.o
QF03                                              ldr.o
QF04                                              ldr.o
QF05                                              ldr.o
QFerr                                             ldr.o
QFex                                              ldr.o
QForm                                             ldr.o
RdSerr                                            ldr.o
RdSerr1                                           ldr.o
RdSex                                             ldr.o
RdSlp01                                           ldr.o
RdSlp20                                           ldr.o
ReadSec                                           ldr.o
SODS                                              ldr.o
SODS01                                            ldr.o
SODS02                                            ldr.o
SODSerr                                           ldr.o
SODSex                                            ldr.o
SRD                                               ldr.o
SRD01                                             ldr.o
SRDerr                                            ldr.o
SRDex                                             ldr.o
SSD                                               ldr.o
SSD01                                             ldr.o
SSD02                                             ldr.o
SSDerr                                            ldr.o
SSDex                                             ldr.o
ScODS                                             ldr.o
ScODS01                                           ldr.o
ScODS10                                           ldr.o
ScODS20                                           ldr.o
ScODS21                                           ldr.o
ScODS30                                           ldr.o
ScODS90                                           ldr.o
ScODSerr                                          ldr.o
ScODSex                                           ldr.o
ScRD                                              ldr.o
ScRD01                                            ldr.o
ScRDerr                                           ldr.o
ScRDex                                            ldr.o
ScSD                                              ldr.o
ScSD01                                            ldr.o
ScSD02                                            ldr.o
ScSDerr                                           ldr.o
ScSDex                                            ldr.o
SetLW                                             ldr.o
TABtoSP                                           ldr.o
TtS01                                             ldr.o
TtS02                                             ldr.o
UFB01                                             ldr.o
UFB02                                             ldr.o
UFBerr                                            ldr.o
UFBex                                             ldr.o
UFE                                               ldr.o
UFEerr                                            ldr.o
UFEex                                             ldr.o
UpFATBu                                           ldr.o
VarEnd                                            ldr.o
VarStart                                          ldr.o
WCN                                               ldr.o
WCN01                                             ldr.o
WCNerr                                            ldr.o
WCNex                                             ldr.o
WrSerr                                            ldr.o
WrSerr1                                           ldr.o
WrSex                                             ldr.o
WrSlp01                                           ldr.o
WrSlp20                                           ldr.o
WriteSec                                          ldr.o
allgm                                             ldr.o
bcdtobin                                          ldr.o
buffer                                            ldr.o
cb01                                              ldr.o
cd01                                              ldr.o
cd02                                              ldr.o
cd03                                              ldr.o
cd04                                              ldr.o
cd05                                              ldr.o
cderr                                             ldr.o
cderr1                                            ldr.o
cdex                                              ldr.o
cdok                                              ldr.o
chdir                                             ldr.o
ci                                                ldr.o
cls                                               ldr.o
co2                                               ldr.o
csts                                              ldr.o
delay500                                          ldr.o
dirbuff                                           ldr.o
dircmp                                            ldr.o
dircmp01                                          ldr.o
dircmp02                                          ldr.o
dircmp03                                          ldr.o
dircmp05                                          ldr.o
dircmp10                                          ldr.o
dircmp11                                          ldr.o
dircmp12                                          ldr.o
dircmp13                                          ldr.o
dircmp15                                          ldr.o
dircmp20                                          ldr.o
dircmp30                                          ldr.o
dircmpex                                          ldr.o
dirfuss                                           ldr.o
dirkopf                                           ldr.o
ende                                              ldr.o
err01                                             ldr.o
errend                                            ldr.o
errex                                             ldr.o
error                                             ldr.o
errtab                                            ldr.o
fatbuff                                           ldr.o
fd0                                               ldr.o
fd1                                               ldr.o
filebuff                                          ldr.o
fld01                                             ldr.o
fld02                                             ldr.o
fld03                                             ldr.o
fld04                                             ldr.o
fld10                                             ldr.o
flderr                                            ldr.o
fldex                                             ldr.o
fload                                             ldr.o
fname                                             ldr.o
fsave                                             ldr.o
fsv01                                             ldr.o
fsv02                                             ldr.o
fsv03                                             ldr.o
fsv10                                             ldr.o
fsv20                                             ldr.o
fsverr                                            ldr.o
fsvex                                             ldr.o
getuhr                                            ldr.o
hda1                                              ldr.o
hda2                                              ldr.o
hda3                                              ldr.o
hda4                                              ldr.o
hdb1                                              ldr.o
hdb2                                              ldr.o
hdb3                                              ldr.o
hdb4                                              ldr.o
hddat                                             ldr.o
hdp02                                             ldr.o
hdp03                                             ldr.o
hdp04                                             ldr.o
hdp05                                             ldr.o
hdpars                                            ldr.o
hdperr                                            ldr.o
hdpex                                             ldr.o
hdtab                                             ldr.o
hilfe                                             ldr.o
hilfetab                                          ldr.o
hmcd                                              ldr.o
hmcopy                                            ldr.o
hmdel                                             ldr.o
hmdir                                             ldr.o
hmdisk                                            ldr.o
hmform                                            ldr.o
hmload                                            ldr.o
hmmd                                              ldr.o
htabend                                           ldr.o
ibmtab                                            ldr.o
idedisk                                           ldr.o
idetest                                           ldr.o
idex                                              ldr.o
idlp01                                            ldr.o
idlp02                                            ldr.o
idlp10                                            ldr.o
idlp20                                            ldr.o
jcf01                                             ldr.o
jclrfcb                                           ldr.o
jclw01                                            ldr.o
jclwerr                                           ldr.o
jclwex                                            ldr.o
jconvlw                                           ldr.o
jdirbuf                                           ldr.o
jfcb                                              ldr.o
jfillfcb                                          ldr.o
jfinfo                                            ldr.o
jfld01                                            ldr.o
jfld02                                            ldr.o
jfldex                                            ldr.o
jfload                                            ldr.o
jfsave                                            ldr.o
jfsv01                                            ldr.o
jfsv02                                            ldr.o
jfsvex                                            ldr.o
jmotoff                                           ldr.o
jtom                                              ldr.o
jtom01                                            ldr.o
jtom01a                                           ldr.o
jtom02                                            ldr.o
jtomerr                                           ldr.o
jtomerr1                                          ldr.o
jtomerr2                                          ldr.o
jtomerr3                                          ldr.o
jtomex                                            ldr.o
jusradr                                           ldr.o
key                                               ldr.o
key01                                             ldr.o
komma                                             ldr.o
komma01                                           ldr.o
komma02                                           ldr.o
lp00                                              ldr.o
lp01                                              ldr.o
lp02                                              ldr.o
lp03                                              ldr.o
lp04                                              ldr.o
lp05                                              ldr.o
m001                                              ldr.o
m002                                              ldr.o
mainend                                           ldr.o
mcda                                              ldr.o
mcda01                                            ldr.o
mcdaerr                                           ldr.o
mcdaex                                            ldr.o
mcdaex1                                           ldr.o
mcopya                                            ldr.o
mcpa01                                            ldr.o
mcpa01a                                           ldr.o
mcpa02                                            ldr.o
mcpa03                                            ldr.o
mcpa03a                                           ldr.o
mcpa04                                            ldr.o
mcpa05                                            ldr.o
mcpa10                                            ldr.o
mcpa11                                            ldr.o
mcpa12                                            ldr.o
mcpa13                                            ldr.o
mcpa13a                                           ldr.o
mcpa14                                            ldr.o
mcpaerr                                           ldr.o
mcpaex                                            ldr.o
mcpaex1                                           ldr.o
mda00                                             ldr.o
mda00a                                            ldr.o
mda01                                             ldr.o
mda02                                             ldr.o
mdaerr                                            ldr.o
mdaex                                             ldr.o
mdaus02                                           ldr.o
mdaus03                                           ldr.o
mdaus04                                           ldr.o
mdaus04a                                          ldr.o
mdaus04b                                          ldr.o
mdaus04c                                          ldr.o
mdaus04d                                          ldr.o
mdaus05                                           ldr.o
mdaus06                                           ldr.o
mdausex                                           ldr.o
mdela                                             ldr.o
mdela02                                           ldr.o
mdelaer                                           ldr.o
mdelaex                                           ldr.o
mdira                                             ldr.o
mdira00                                           ldr.o
mdira00a                                          ldr.o
mdira01                                           ldr.o
mdira05                                           ldr.o
mdira06                                           ldr.o
mdira10                                           ldr.o
mdiraer                                           ldr.o
mdiraex                                           ldr.o
mdirausg                                          ldr.o
mdiska                                            ldr.o
mdiskb                                            ldr.o
meldung                                           ldr.o
mforma                                            ldr.o
mfrma01                                           ldr.o
mfrmaer                                           ldr.o
mfrmaex                                           ldr.o
mkdir                                             ldr.o
mkdir00                                           ldr.o
mkdir01                                           ldr.o
mkdir02                                           ldr.o
mkdir03                                           ldr.o
mkdirer1                                          ldr.o
mkdirerr                                          ldr.o
mkdirex                                           ldr.o
mkdirex1                                          ldr.o
mlda00a                                           ldr.o
mlda01                                            ldr.o
mlda01a                                           ldr.o
mlda02                                            ldr.o
mlda10                                            ldr.o
mldaerr                                           ldr.o
mldaerr1                                          ldr.o
mldaex                                            ldr.o
mldaex1                                           ldr.o
mloada                                            ldr.o
mmda                                              ldr.o
mmda02                                            ldr.o
mmda03                                            ldr.o
mmdaerr                                           ldr.o
mmdaex                                            ldr.o
mover                                             ldr.o
mtoj                                              ldr.o
mtoj01                                            ldr.o
mtoj02                                            ldr.o
mtools                                            ldr.o
mvrlp01                                           ldr.o
nextside                                          ldr.o
nkctab                                            ldr.o
nxtsd01                                           ldr.o
nxtsdex                                           ldr.o
opt00                                             ldr.o
opt01                                             ldr.o
opt02                                             ldr.o
opt03                                             ldr.o
opt04                                             ldr.o
opt05                                             ldr.o
opterr                                            ldr.o
optex                                             ldr.o
option                                            ldr.o
opttab                                            ldr.o
otabend                                           ldr.o
pars02                                            ldr.o
pars02a                                           ldr.o
pars02b                                           ldr.o
pars03                                            ldr.o
pars04                                            ldr.o
pars04a                                           ldr.o
pars04b                                           ldr.o
pars04c                                           ldr.o
pars04ex                                          ldr.o
pars05                                            ldr.o
pars06                                            ldr.o
pars06a                                           ldr.o
pars06b                                           ldr.o
pars06z                                           ldr.o
pars07                                            ldr.o
pars07a                                           ldr.o
pars07ex                                          ldr.o
pars08                                            ldr.o
pars08a                                           ldr.o
pars08ex                                          ldr.o
pars10                                            ldr.o
pars10a                                           ldr.o
pars10b                                           ldr.o
pars10c                                           ldr.o
pars10ex                                          ldr.o
pars11                                            ldr.o
pars12                                            ldr.o
pars12a                                           ldr.o
pars12b                                           ldr.o
pars13                                            ldr.o
pars13a                                           ldr.o
pars14                                            ldr.o
pars14a                                           ldr.o
parsclr                                           ldr.o
parsclr1                                          ldr.o
parsdat                                           ldr.o
parser                                            ldr.o
parserr                                           ldr.o
parsex                                            ldr.o
print2d                                           ldr.o
print2d0                                          ldr.o
print4d                                           ldr.o
print8d                                           ldr.o
printl                                            ldr.o
prt2d002                                          ldr.o
prt2d02                                           ldr.o
prt8d01                                           ldr.o
prt8d02                                           ldr.o
regout                                            ldr.o
rem                                               ldr.o
rem02                                             ldr.o
rem03                                             ldr.o
rem04                                             ldr.o
rem05                                             ldr.o
remerr                                            ldr.o
remex                                             ldr.o
remove                                            ldr.o
res1                                              ldr.o
res10                                             ldr.o
res11                                             ldr.o
res12                                             ldr.o
res13                                             ldr.o
res14                                             ldr.o
res2                                              ldr.o
res3                                              ldr.o
res4                                              ldr.o
res5                                              ldr.o
res6                                              ldr.o
res7                                              ldr.o
res8                                              ldr.o
res9                                              ldr.o
rmv01                                             ldr.o
rmv02                                             ldr.o
rmv03                                             ldr.o
rmv04                                             ldr.o
rmv05                                             ldr.o
rmv06                                             ldr.o
rmverr                                            ldr.o
rmverr1                                           ldr.o
rmvex                                             ldr.o
rmvex1                                            ldr.o
sc00                                              ldr.o
scmp01                                            ldr.o
scmperr                                           ldr.o
scmpex                                            ldr.o
sda1                                              ldr.o
sda2                                              ldr.o
sda3                                              ldr.o
sda4                                              ldr.o
sdb1                                              ldr.o
sdb2                                              ldr.o
sdb3                                              ldr.o
sdb4                                              ldr.o
sddisk                                            ldr.o
sdtest                                            ldr.o
start                                             ldr.o
strgcmp                                           ldr.o
strgcopy                                          ldr.o
terr1                                             ldr.o
terr10                                            ldr.o
terr11                                            ldr.o
terr12                                            ldr.o
terr13                                            ldr.o
terr14                                            ldr.o
terr15                                            ldr.o
terr16                                            ldr.o
terr17                                            ldr.o
terr18                                            ldr.o
terr19                                            ldr.o
terr2                                             ldr.o
terr20                                            ldr.o
terr21                                            ldr.o
terr22                                            ldr.o
terr23                                            ldr.o
terr24                                            ldr.o
terr25                                            ldr.o
terr26                                            ldr.o
terr27                                            ldr.o
terr28                                            ldr.o
terr29                                            ldr.o
terr3                                             ldr.o
terr4                                             ldr.o
terr5                                             ldr.o
terr6                                             ldr.o
terr7                                             ldr.o
terr8                                             ldr.o
terr9                                             ldr.o
toupper                                           ldr.o
trap10                                            ldr.o
trap10ex                                          ldr.o
trapend                                           ldr.o
traptab                                           ldr.o
troex                                             ldr.o
troff                                             ldr.o
tron                                              ldr.o
trout                                             ldr.o
tupex                                             ldr.o
txt15spc                                          ldr.o
txt1MB                                            ldr.o
txt1groess                                        ldr.o
txt1start                                         ldr.o
txtMB                                             ldr.o
txtakt                                            ldr.o
txtaktlw                                          ldr.o
txtbyte                                           ldr.o
txtcopy                                           ldr.o
txtcrlf                                           ldr.o
txtcyl                                            ldr.o
txtdatei                                          ldr.o
txtdel                                            ldr.o
txtdir                                            ldr.o
txtdirat                                          ldr.o
txterst                                           ldr.o
txtform                                           ldr.o
txtform1                                          ldr.o
txtforts                                          ldr.o
txtgroess                                         ldr.o
txthd                                             ldr.o
txtinit                                           ldr.o
txtjn                                             ldr.o
txtjna                                            ldr.o
txtkomma                                          ldr.o
txtload                                           ldr.o
txtloe                                            ldr.o
txtlw                                             ldr.o
txtnr                                             ldr.o
txtnv                                             ldr.o
txtpart                                           ldr.o
txtroot                                           ldr.o
txtsec                                            ldr.o
txtstart                                          ldr.o
txtstern                                          ldr.o
txttyp                                            ldr.o
txtueber                                          ldr.o
txtverz                                           ldr.o
txtweit                                           ldr.o
umbruch                                           ldr.o
wert                                              ldr.o
werterr                                           ldr.o
writetxt                                          ldr.o
wrtxt01                                           ldr.o
wrtxtex                                           ldr.o
