68K GAS   			page 1


   1               	
   2               	.file"atexit.c"
   3               	.localatexitval
   4               	.commatexitval,4,2
   5               	.localfunclist
   6               	.commfunclist,128,2
   7               	.text
   8               	.align2
   9               	.globlprocexit
  11               	procexit:
  12 0000 4E56 FFFC 	link.w %fp,#-4
  13 0004 2039 0000 	move.l _abterm,%d0
  13      0000 
  14 000a 4A80      	tst.l %d0
  15 000c 6626      	jne .L1
  16 000e 2D79 0000 	move.l atexitval,-4(%fp)
  16      0000 FFFC 
  17 0016 6016      	jra .L3
  18               	.L4:
  19 0018 202E FFFC 	move.l -4(%fp),%d0
  20 001c 5380      	subq.l #1,%d0
  21 001e 2030 0DB0 	move.l funclist(%d0.l*4),%d0
  21      0000 0000 
  22 0026 2040      	move.l %d0,%a0
  23 0028 4E90      	jsr (%a0)
  24 002a 53AE FFFC 	subq.l #1,-4(%fp)
  25               	.L3:
  26 002e 4AAE FFFC 	tst.l -4(%fp)
  27 0032 6EE4      	jgt .L4
  28               	.L1:
  29 0034 4E5E      	unlk %fp
  30 0036 4E75      	rts
  32               	.align2
  33               	.globlatexit
  35               	atexit:
  36 0038 4E56 0000 	link.w %fp,#0
  37 003c 2039 0000 	move.l atexitval,%d0
  37      0000 
  38 0042 721F      	moveq #31,%d1
  39 0044 B280      	cmp.l %d0,%d1
  40 0046 6D1C      	jlt .L6
  41 0048 2039 0000 	move.l atexitval,%d0
  41      0000 
  42 004e 21AE 0008 	move.l 8(%fp),funclist(%d0.l*4)
  42      0DB0 0000 
  42      0000 
  43 0058 5280      	addq.l #1,%d0
  44 005a 23C0 0000 	move.l %d0,atexitval
  44      0000 
  45 0060 4280      	clr.l %d0
  46 0062 6002      	jra .L7
  47               	.L6:
  48 0064 70FF      	moveq #-1,%d0
  49               	.L7:
  50 0066 4E5E      	unlk %fp
  51 0068 4E75      	rts
  53               	.ident"GCC: (GNU) 4.5.1"
68K GAS   			page 2


  54               	.section.note.GNU-stack,"",@progbits
68K GAS   			page 3


DEFINED SYMBOLS
                            *ABS*:00000000 atexit.c
    {standard input}:4      .bss:00000000 atexitval
    {standard input}:6      .bss:00000004 funclist
    {standard input}:11     .text:00000000 procexit
    {standard input}:35     .text:00000038 atexit

UNDEFINED SYMBOLS
_abterm
