68K GAS   			page 1


   1               		.text
   0               	
   0               	
   2               		.global _setjmp,_longjmp
   3               	
   4               	_setjmp:
   5 0000 41EF 0004 		lea.l	(4,%A7),%A0
   6 0004 2050      		move.l 	(%a0),%a0
   7 0006 48D0 FEFE 		movem.l	%d1-%d7/%a1-%a7,(%a0)
   8               	#ifdef M68000
   9               		move	%sr,%d0
  10               		and.w	#0x00FF,%d0
  11               		move.w	%d0,(59,%a0)
  12               	#else
  13 000a 42E8 003B 		move	%CCR,(59,%a0)
  14               	#endif
  15 000e 2157 003C 		move.l  (%a7),(60,%a0)
  16 0012 4280      		clr.l	%d0
  17 0014 4E75      		rts
  18               	_longjmp:
  19 0016 41EF 0004 		lea.l	(4,%A7),%A0
  20 001a 2028 0004 		move.l	(4,%a0),%d0
  21 001e 2050      		move.l	(%a0),%a0
  22 0020 4CD0 FEFE 		movem.l	(%a0),%d1-%d7/%a1-%a7
  23 0024 584F      		addq	#4,%A7
  24 0026 2EA8 003C 		move.l	(60,%a0),(%a7)
  25 002a 44E8 003B 		move	(59,%a0),%CCR
  26 002e 4E75      		rts
68K GAS   			page 2


DEFINED SYMBOLS
            setjmp.S:4      .text:00000000 _setjmp
            setjmp.S:18     .text:00000016 _longjmp

NO UNDEFINED SYMBOLS
