GNU ld (GNU Binutils) 2.24
  Supported emulations:
   m68kelf
opened script file /home/myCLIB/CLIBS/projects/forum/../../lib/ram.ld
using external linker script:
==================================================

MEMORY {
	ram    : ORIGIN = 0x000000, LENGTH = 0x1FFFFF
	                  /*  GP starts at   0x3C0000  (68020) */
	stack  : ORIGIN = 0x300000, LENGTH = 0
			  /* define where the program stack starts (growing downwards) */
}



SECTIONS {
	
	/* Code */
        .text : {
        	/*. = 0x400;*/ /* standard nkc start address for 68k programs */
        	_start = . ;
		_stext = . ;
		
		/* startup.S needs to be first file */		
		*startup.o(.text)
		
		. = ALIGN(2) ;
        	*(.text)
        	. = ALIGN(2);
		_etext = ALIGN(2) ;
		
		/*_ramtop = ABSOLUTE(0x100000) ; */ /* define absolute address relative to section start -> stack */
						    /* a 'cleaner' solution is: define section and memory location for stack */
        } > ram =0x4E71 /* set the fill pattern for unspecified regions (due to alignement) to NOP (used by linker)*/

	/* Data */
	.data : {
		. = ALIGN(2) ;
		_sdata = . ;
		*(.data)
		. = ALIGN(2) ;
		*(.rodata)
		. = ALIGN(2) ;
		_edata = ALIGN(2) ;
	} > ram

        /* Debugging Sections */
        
        
        .comment  : { *(.comment) } > ram
        .stab  : { *(.stab) } > ram


	.bss : {
		_sbss = . ;
		*(.bss)
		. = ALIGN(4) ;
		
		/* global variables .comm */
		*(COMMON) 
		. = ALIGN(4) ;
		_ebss = ALIGN(0x2);		
	} > ram
               
	.stack 0x300000 (NOLOAD):  {
	 _ramtop = . ;  /* top of ram for program stack -> start*.S , if JADOS is not used (this address will be relocated ! FIXME! - currently an EQU is used inside of start*.S) */
	} 
}


==================================================
attempt to open test.o succeeded
test.o
attempt to open /home/myCLIB/CLIBS/projects/forum/../../lib/libCC.a succeeded
Archive member included because of file (symbol)

/home/myCLIB/CLIBS/projects/forum/../../lib/libCC.a(itoa.o)
                              test.o (itoa)
(/home/myCLIB/CLIBS/projects/forum/../../lib/libCC.a)itoa.o
/home/myCLIB/CLIBS/projects/forum/../../lib/libCC.a(memcpy.o)
                              /home/myCLIB/CLIBS/projects/forum/../../lib/libCC.a(itoa.o) (memcpy)
(/home/myCLIB/CLIBS/projects/forum/../../lib/libCC.a)memcpy.o
/home/myCLIB/CLIBS/projects/forum/../../lib/libCC.a(strlen.o)
                              /home/myCLIB/CLIBS/projects/forum/../../lib/libCC.a(itoa.o) (strlen)
(/home/myCLIB/CLIBS/projects/forum/../../lib/libCC.a)strlen.o

Memory Configuration

Name             Origin             Length             Attributes
ram              0x00000000         0x001fffff
stack            0x00300000         0x00000000
*default*        0x00000000         0xffffffff

Linker script and memory map

LOAD test.o
                0x013462e9                __CLIB_BUILD_DATE = 0x13462e9
                0x000003e9                __CLIB_BUILD_NUMBER = 0x3e9
LOAD /home/myCLIB/CLIBS/projects/forum/../../lib/libCC.a

.text           0x00000000      0x26c
                0x00000000                _start = .
                0x00000000                _stext = .
 *startup.o(.text)
                0x00000000                . = ALIGN (0x2)
 *(.text)
 .text          0x00000000       0x26 test.o
                0x00000000                main
 *fill*         0x00000026        0x2 4e71
 .text          0x00000028      0x218 /home/myCLIB/CLIBS/projects/forum/../../lib/libCC.a(itoa.o)
                0x00000028                reverse
                0x000000b2                strrev
                0x0000015c                itoa
 .text          0x00000240       0x1a /home/myCLIB/CLIBS/projects/forum/../../lib/libCC.a(memcpy.o)
                0x00000240                memcpy
 *fill*         0x0000025a        0x2 4e71
 .text          0x0000025c       0x10 /home/myCLIB/CLIBS/projects/forum/../../lib/libCC.a(strlen.o)
                0x0000025c                strlen
                0x0000026c                . = ALIGN (0x2)
                0x0000026c                _etext = ALIGN (0x2)

.data           0x0000026c        0x0
                0x0000026c                . = ALIGN (0x2)
                0x0000026c                _sdata = .
 *(.data)
 .data          0x0000026c        0x0 test.o
 .data          0x0000026c        0x0 /home/myCLIB/CLIBS/projects/forum/../../lib/libCC.a(itoa.o)
 .data          0x0000026c        0x0 /home/myCLIB/CLIBS/projects/forum/../../lib/libCC.a(memcpy.o)
 .data          0x0000026c        0x0 /home/myCLIB/CLIBS/projects/forum/../../lib/libCC.a(strlen.o)
                0x0000026c                . = ALIGN (0x2)
 *(.rodata)
                0x0000026c                . = ALIGN (0x2)
                0x0000026c                _edata = ALIGN (0x2)

.comment        0x0000026c       0x24
 *(.comment)
 .comment       0x0000026c       0x12 test.o
 .comment       0x0000027e       0x12 /home/myCLIB/CLIBS/projects/forum/../../lib/libCC.a(itoa.o)

.note.GNU-stack
                0x00000000        0x0
 .note.GNU-stack
                0x00000000        0x0 test.o
 .note.GNU-stack
                0x00000000        0x0 /home/myCLIB/CLIBS/projects/forum/../../lib/libCC.a(itoa.o)

.stab
 *(.stab)

.bss            0x0000026c        0x0
                0x0000026c                _sbss = .
 *(.bss)
 .bss           0x0000026c        0x0 test.o
 .bss           0x0000026c        0x0 /home/myCLIB/CLIBS/projects/forum/../../lib/libCC.a(itoa.o)
 .bss           0x0000026c        0x0 /home/myCLIB/CLIBS/projects/forum/../../lib/libCC.a(memcpy.o)
 .bss           0x0000026c        0x0 /home/myCLIB/CLIBS/projects/forum/../../lib/libCC.a(strlen.o)
                0x0000026c                . = ALIGN (0x4)
 *(COMMON)
                0x0000026c                . = ALIGN (0x4)
                0x0000026c                _ebss = ALIGN (0x2)

.stack          0x00300000        0x0
                0x00300000                _ramtop = .
OUTPUT(test.elf elf32-m68k)
