
Memory Configuration

Name             Origin             Length             Attributes
ram              0x00000000         0x001fffff
ram_rs           0x00000000         0x001fffff
*default*        0x00000000         0xffffffff

Linker script and memory map


.text           0x00000000       0x82
                0x00000000                _stext = .
 *(.text)
 .text          0x00000000       0x82 stage1.o
                0x00000082                _etext = ALIGN (0x2)

.data           0x00000084        0x0
                0x00000084                _sdata = .
 *(.data)
 .data          0x00000084        0x0 stage1.o
                0x00000084                _edata = ALIGN (0x2)

.bss            0x00000084        0x0
                0x00000084                _sbss = .
 *(.bss)
 .bss           0x00000084        0x0 stage1.o
 *(COMMON)
                0x00000084                _ebss = ALIGN (0x2)
LOAD stage1.o
OUTPUT(stage1.elf elf32-m68k)

Cross Reference Table

Symbol                                            File
No symbols
