68K GAS   			page 1


   1               	
   2               	.file"scanf.c"
   3               	.text
   4               	.align2
   5               	.globlscanf
   7               	scanf:
   8 0000 4E56 FE00 	link.w %fp,#-512
   9 0004 200E      	move.l %fp,%d0
  10 0006 0680 FFFF 	add.l #-512,%d0
  10      FE00 
  11 000c 2F00      	move.l %d0,-(%sp)
  12 000e 4EB9 0000 	jsr gets
  12      0000 
  13 0014 588F      	addq.l #4,%sp
  14 0016 2008      	move.l %a0,%d0
  15 0018 4A80      	tst.l %d0
  16 001a 6604      	jne .L2
  17 001c 4280      	clr.l %d0
  18 001e 6020      	jra .L3
  19               	.L2:
  20 0020 700C      	moveq #12,%d0
  21 0022 D08E      	add.l %fp,%d0
  22 0024 222E 0008 	move.l 8(%fp),%d1
  23 0028 2F00      	move.l %d0,-(%sp)
  24 002a 2F01      	move.l %d1,-(%sp)
  25 002c 200E      	move.l %fp,%d0
  26 002e 0680 FFFF 	add.l #-512,%d0
  26      FE00 
  27 0034 2F00      	move.l %d0,-(%sp)
  28 0036 4EB9 0000 	jsr _scanf
  28      0000 
  29 003c 4FEF 000C 	lea (12,%sp),%sp
  30               	.L3:
  31 0040 4E5E      	unlk %fp
  32 0042 4E75      	rts
  34               	.ident"GCC: (GNU) 4.5.1"
  35               	.section.note.GNU-stack,"",@progbits
68K GAS   			page 2


DEFINED SYMBOLS
                            *ABS*:00000000 scanf.c
    {standard input}:7      .text:00000000 scanf

UNDEFINED SYMBOLS
gets
_scanf
