68K GAS   			page 1


   1               		.text
   0               	
   0               	
   2               		.global memcmp
   3               	
   4               	/*	
   5               		int memcmp(const void *s1, const void *s2, size_t n)
   6               	*/
   7               		
   8               	memcmp:
   9 0000 202F 000C 		move.l 	(12,%a7),%d0	/* size */
  10 0004 671A      		beq.b	zerout
  11 0006 226F 0008 		move.l  (8,%a7),%a1	/* buf2	*/
  12 000a 206F 0004 		move.l	(4,%A7),%a0	/* buf1 */
  13               	lp:
  14 000e 1219      		move.b	(%a1)+,%d1
  15 0010 B210      		cmp.b	(%a0),%d1
  16 0012 6704      		beq.b	lp2
  17 0014 650E      		blo.b	posout
  18 0016 6212      		bhi.b	negout
  19               	lp2:
  20 0018 5248      		addq	#1,%a0
  21 001a 5340      		subq	#1,%d0
  22 001c 6600 FFF0 		bne	lp
  23               	zerout:
  24 0020 4280      	   	clr.l	%d0
  25 0022 4E75      		rts
  26               	posout:
  27 0024 4280      		clr.l	%d0
  28 0026 5240      		addq	#1,%d0
  29 0028 4E75      		rts
  30               	negout:
  31 002a 4280      		clr.l	%d0
  32 002c 5340      		subq	#1,%d0
  33 002e 4E75      		rts
68K GAS   			page 2


DEFINED SYMBOLS
            memcmp.S:8      .text:00000000 memcmp
            memcmp.S:23     .text:00000020 zerout
            memcmp.S:13     .text:0000000e lp
            memcmp.S:19     .text:00000018 lp2
            memcmp.S:26     .text:00000024 posout
            memcmp.S:30     .text:0000002a negout

NO UNDEFINED SYMBOLS
