68K GAS   			page 1


   1               		.text
   0               	
   0               	
   2               		.global strncat
   3               		
   4               	/*
   5               		char *strncat(char *dest, const char *src, size_t n)
   6               	*/
   7               			
   8               	strncat:
   9 0000 222F 000C 		move.l	(12,%a7),%d1	/* dest len	*/
  10 0004 226F 0008 		move.l 	(8,%a7),%a1	/* source	*/
  11 0008 206F 0004 		move.l	(4,%A7),%a0	/* dest		*/
  12 000c 2008      		move.l	%a0,%d0		/* ret vall	*/
  13               	lp1:
  14 000e 4A18      		tst.b	(%a0)+
  15 0010 6600 FFFC 		bne	lp1
  16 0014 5348      		subq	#1,%a0
  17               	lp2:
  18 0016 10D1      		move.b	(%a1),(%a0)+
  19 0018 5341      		subq	#1,%d1
  20 001a 670A      		beq.b	out
  21 001c 4A19      		tst.b	(%a1)+
  22 001e 6600 FFF6 		bne	lp2
  23 0022 2040      		move.l %d0,%a0	
  24 0024 4E75      		rts
  25               	out:
  26 0026 4210      		clr.b	(%a0)
  27 0028 2040      		move.l %d0,%a0
  28 002a 4E75      		rts
68K GAS   			page 2


DEFINED SYMBOLS
           strncat.S:8      .text:00000000 strncat
           strncat.S:13     .text:0000000e lp1
           strncat.S:17     .text:00000016 lp2
           strncat.S:25     .text:00000026 out

NO UNDEFINED SYMBOLS
