68K GAS   			page 1


   1               	
   2               	.file"s_isnan.c"
   3               	.text
   4               	.align2
   5               	.globlisnan
   7               	isnan:
   8 0000 4E56 FFF8 	link.w %fp,#-8
   9 0004 200E      	move.l %fp,%d0
  10 0006 5080      	addq.l #8,%d0
  11 0008 2040      	move.l %d0,%a0
  12 000a 2010      	move.l (%a0),%d0
  13 000c 2200      	move.l %d0,%d1
  14 000e 0881 001F 	bclr #31,%d1
  15 0012 2D41 FFFC 	move.l %d1,-4(%fp)
  16 0016 200E      	move.l %fp,%d0
  17 0018 5080      	addq.l #8,%d0
  18 001a 5880      	addq.l #4,%d0
  19 001c 2040      	move.l %d0,%a0
  20 001e 2D50 FFF8 	move.l (%a0),-8(%fp)
  21 0022 202E FFF8 	move.l -8(%fp),%d0
  22 0026 4480      	neg.l %d0
  23 0028 80AE FFF8 	or.l -8(%fp),%d0
  24 002c D080      	add.l %d0,%d0
  25 002e 9180      	subx.l %d0,%d0
  26 0030 4480      	neg.l %d0
  27 0032 222E FFFC 	move.l -4(%fp),%d1
  28 0036 8081      	or.l %d1,%d0
  29 0038 2D40 FFFC 	move.l %d0,-4(%fp)
  30 003c 203C 7FF0 	move.l #2146435072,%d0
  30      0000 
  31 0042 90AE FFFC 	sub.l -4(%fp),%d0
  32 0046 2D40 FFFC 	move.l %d0,-4(%fp)
  33 004a 202E FFFC 	move.l -4(%fp),%d0
  34 004e D080      	add.l %d0,%d0
  35 0050 9180      	subx.l %d0,%d0
  36 0052 4480      	neg.l %d0
  37 0054 4E5E      	unlk %fp
  38 0056 4E75      	rts
  40               	.ident"GCC: (GNU) 4.5.1"
  41               	.section.note.GNU-stack,"",@progbits
68K GAS   			page 2


DEFINED SYMBOLS
                            *ABS*:00000000 s_isnan.c
    {standard input}:7      .text:00000000 isnan

NO UNDEFINED SYMBOLS
