68K GAS   			page 1


   1               	
   2               	.file"w_exp.c"
   3               	.section.rodata
   4               	.align2
   7               	o_threshold:
   8 0000 4086 2E42 	.long1082535490
   9 0004 FEFA 39EF 	.long-17155601
  10               	.align2
  13               	u_threshold:
  14 0008 C087 4910 	.long-1064875760
  15 000c D52D 3051 	.long-718458799
  16               	.text
  17               	.align2
  18               	.globlexp
  20               	exp:
  21 0000 4E56 0000 	link.w %fp,#0
  22 0004 2F2E 000C 	move.l 12(%fp),-(%sp)
  23 0008 2F2E 0008 	move.l 8(%fp),-(%sp)
  24 000c 4EB9 0000 	jsr __ieee754_exp
  24      0000 
  25 0012 508F      	addq.l #8,%sp
  26 0014 F227 7400 	fmove.d %fp0,-(%sp)
  27 0018 201F      	move.l (%sp)+,%d0
  28 001a 221F      	move.l (%sp)+,%d1
  29 001c 2F01      	move.l %d1,-(%sp)
  30 001e 2F00      	move.l %d0,-(%sp)
  31 0020 F21F 5400 	fmove.d (%sp)+,%fp0
  32 0024 4E5E      	unlk %fp
  33 0026 4E75      	rts
  35               	.ident"GCC: (GNU) 4.5.1"
  36               	.section.note.GNU-stack,"",@progbits
68K GAS   			page 2


DEFINED SYMBOLS
                            *ABS*:00000000 w_exp.c
    {standard input}:7      .rodata:00000000 o_threshold
    {standard input}:13     .rodata:00000008 u_threshold
    {standard input}:20     .text:00000000 exp

UNDEFINED SYMBOLS
__ieee754_exp
