68K GAS   			page 1


   1               	
   2               	.file"bsearch.c"
   3               	.text
   4               	.align2
   5               	.globlbsearch
   7               	bsearch:
   8 0000 4E56 FFF0 	link.w %fp,#-16
   9 0004 42AE FFFC 	clr.l -4(%fp)
  10 0008 2D6E 0010 	move.l 16(%fp),-8(%fp)
  10      FFF8 
  11 000e 6002      	jra .L7
  12               	.L8:
  13 0010 4E71      	nop
  14               	.L7:
  15 0012 202E FFF8 	move.l -8(%fp),%d0
  16 0016 D0AE FFFC 	add.l -4(%fp),%d0
  17 001a E288      	lsr.l #1,%d0
  18 001c 2D40 FFF4 	move.l %d0,-12(%fp)
  19 0020 202E FFF4 	move.l -12(%fp),%d0
  20 0024 4C2E 0800 	muls.l 20(%fp),%d0
  20      0014 
  21 002a D0AE 000C 	add.l 12(%fp),%d0
  22 002e 2F00      	move.l %d0,-(%sp)
  23 0030 2F2E 0008 	move.l 8(%fp),-(%sp)
  24 0034 202E 0018 	move.l 24(%fp),%d0
  25 0038 2040      	move.l %d0,%a0
  26 003a 4E90      	jsr (%a0)
  27 003c 508F      	addq.l #8,%sp
  28 003e 2D40 FFF0 	move.l %d0,-16(%fp)
  29 0042 4AAE FFF0 	tst.l -16(%fp)
  30 0046 6610      	jne .L2
  31 0048 202E FFF4 	move.l -12(%fp),%d0
  32 004c 4C2E 0800 	muls.l 20(%fp),%d0
  32      0014 
  33 0052 D0AE 000C 	add.l 12(%fp),%d0
  34 0056 6026      	jra .L3
  35               	.L2:
  36 0058 4AAE FFF0 	tst.l -16(%fp)
  37 005c 6C08      	jge .L4
  38 005e 2D6E FFF4 	move.l -12(%fp),-8(%fp)
  38      FFF8 
  39 0064 6006      	jra .L5
  40               	.L4:
  41 0066 2D6E FFF4 	move.l -12(%fp),-4(%fp)
  41      FFFC 
  42               	.L5:
  43 006c 202E FFF8 	move.l -8(%fp),%d0
  44 0070 D0AE FFFC 	add.l -4(%fp),%d0
  45 0074 E288      	lsr.l #1,%d0
  46 0076 B0AE FFF4 	cmp.l -12(%fp),%d0
  47 007a 6694      	jne .L8
  48 007c 4280      	clr.l %d0
  49               	.L3:
  50 007e 2200      	move.l %d0,%d1
  51 0080 2041      	move.l %d1,%a0
  52 0082 4E5E      	unlk %fp
  53 0084 4E75      	rts
68K GAS   			page 2


  55               	.ident"GCC: (GNU) 4.5.1"
  56               	.section.note.GNU-stack,"",@progbits
68K GAS   			page 3


DEFINED SYMBOLS
                            *ABS*:00000000 bsearch.c
    {standard input}:7      .text:00000000 bsearch

NO UNDEFINED SYMBOLS
